PHPUnit 11.5.55 by Sebastian Bergmann and contributors.

Runtime:       PHP 8.2.12
Configuration: C:\Users\MSI\Desktop\Ghrami\Ghrami-Web\phpunit.dist.xml

php : ContentModerationService error: Groq API error
At line:1 char:1
+ php vendor/bin/phpunit tests/Service/ 2>&1 > test_output.txt; Get-Con ...
+ ~~~~~~~~~~~~~~~~~~~~~~~~~~~~~~~~~~~~~~~~~~~~~~~~~~~~~~~~~~~~
    + CategoryInfo          : NotSpecified: (ContentModerati... Groq API error 
   :String) [], RemoteException
    + FullyQualifiedErrorId : NativeCommandError
 
..........R......................................R............... 65 / 77 ( 84%)
............                                                      77 / 77 (100%)

Time: 00:27.318, Memory: 78.00 MB

There were 2 risky tests:

1) App\Tests\Service\BookingValidationServiceTest::testValidateBookingWithAllValidStatuses
This test did not perform any assertions

C:\Users\MSI\Desktop\Ghrami\Ghrami-Web\tests\Service\BookingValidationServiceTest.php:116

2) App\Tests\Service\HobbyValidationServiceTest::testValidateWithAllValidCategories
This test did not perform any assertions

C:\Users\MSI\Desktop\Ghrami\Ghrami-Web\tests\Service\HobbyValidationServiceTest.php:80

OK, but there were issues!
Tests: 77, Assertions: 136, PHPUnit Deprecations: 62, Risky: 2.
